pdflatex: security risk: running with elevated privileges
This is pdfTeX, Version 3.141592653-2.6-1.40.27 (MiKTeX 25.4) (preloaded format=pdflatex.fmt)
 restricted \write18 enabled.
entering extended mode
(thesis.tex
LaTeX2e <2025-06-01> patch level 1
L3 programming layer <2025-07-20>
(C:\Program Files\MiKTeX\tex/latex/base\report.cls
Document Class: report 2025/01/22 v1.4n Standard LaTeX document class
(C:\Program Files\MiKTeX\tex/latex/base\size10.clo))
(C:\Program Files\MiKTeX\tex/latex/geometry\geometry.sty
(C:\Program Files\MiKTeX\tex/latex/graphics\keyval.sty)
(C:\Program Files\MiKTeX\tex/generic/iftex\ifvtex.sty
(C:\Program Files\MiKTeX\tex/generic/iftex\iftex.sty))
(C:\Program Files\MiKTeX\tex/latex/geometry\geometry.cfg)) (config/config.sty
(C:\Program Files\MiKTeX\tex/latex/base\inputenc.sty)
(C:\Program Files\MiKTeX\tex/latex/caption\subcaption.sty
(C:\Program Files\MiKTeX\tex/latex/caption\caption.sty
(C:\Program Files\MiKTeX\tex/latex/caption\caption3.sty)))
(C:\Program Files\MiKTeX\tex/latex/graphics\graphicx.sty
(C:\Program Files\MiKTeX\tex/latex/graphics\graphics.sty
(C:\Program Files\MiKTeX\tex/latex/graphics\trig.sty)
(C:\Program Files\MiKTeX\tex/latex/graphics-cfg\graphics.cfg)
(C:\Program Files\MiKTeX\tex/latex/graphics-def\pdftex.def)))
(C:\Program Files\MiKTeX\tex/latex/titling\titling.sty)
(C:\Program Files\MiKTeX\tex/latex/blindtext\blindtext.sty
(C:\Program Files\MiKTeX\tex/latex/tools\xspace.sty))
(C:\Program Files\MiKTeX\tex/latex/sectsty\sectsty.sty

LaTeX Warning: Command \underbar  has changed.
               Check if current package is valid.


LaTeX Warning: Command \underline  has changed.
               Check if current package is valid.

) (C:\Program Files\MiKTeX\tex/latex/chngcntr\chngcntr.sty)
(C:\Program Files\MiKTeX\tex/latex/etoolbox\etoolbox.sty)
(C:\Program Files\MiKTeX\tex/latex/tools\array.sty)
(C:\Program Files\MiKTeX\tex/latex/float\float.sty)
(C:\Program Files\MiKTeX\tex/latex/tools\longtable.sty)
(C:\Program Files\MiKTeX\tex/latex/amsmath\amsmath.sty
For additional information on amsmath, use the `?' option.
(C:\Program Files\MiKTeX\tex/latex/amsmath\amstext.sty
(C:\Program Files\MiKTeX\tex/latex/amsmath\amsgen.sty))
(C:\Program Files\MiKTeX\tex/latex/amsmath\amsbsy.sty)
(C:\Program Files\MiKTeX\tex/latex/amsmath\amsopn.sty))
(C:\Program Files\MiKTeX\tex/latex/enumitem\enumitem.sty)
(C:\Program Files\MiKTeX\tex/latex/hyperref\nameref.sty
(C:\Program Files\MiKTeX\tex/latex/refcount\refcount.sty
(C:\Program Files\MiKTeX\tex/generic/ltxcmds\ltxcmds.sty)
(C:\Program Files\MiKTeX\tex/generic/infwarerr\infwarerr.sty))
(C:\Program Files\MiKTeX\tex/generic/gettitlestring\gettitlestring.sty
(C:\Program Files\MiKTeX\tex/latex/kvoptions\kvoptions.sty
(C:\Program Files\MiKTeX\tex/latex/kvsetkeys\kvsetkeys.sty))))
(C:\Program Files\MiKTeX\tex/latex/hyperref\hyperref.sty
(C:\Program Files\MiKTeX\tex/generic/kvdefinekeys\kvdefinekeys.sty)
(C:\Program Files\MiKTeX\tex/generic/pdfescape\pdfescape.sty
(C:\Program Files\MiKTeX\tex/generic/pdftexcmds\pdftexcmds.sty))
(C:\Program Files\MiKTeX\tex/latex/hycolor\hycolor.sty)
(C:\Program Files\MiKTeX\tex/generic/stringenc\stringenc.sty)
(C:\Program Files\MiKTeX\tex/latex/hyperref\pd1enc.def)
(C:\Program Files\MiKTeX\tex/generic/intcalc\intcalc.sty)
(C:\Program Files\MiKTeX\tex/latex/hyperref\puenc.def)
(C:\Program Files\MiKTeX\tex/latex/url\url.sty)
(C:\Program Files\MiKTeX\tex/generic/bitset\bitset.sty
(C:\Program Files\MiKTeX\tex/generic/bigintcalc\bigintcalc.sty)))
(C:\Program Files\MiKTeX\tex/latex/hyperref\hpdftex.def
(C:\Program Files\MiKTeX\tex/latex/rerunfilecheck\rerunfilecheck.sty
(C:\Program Files\MiKTeX\tex/generic/uniquecounter\uniquecounter.sty)))
(C:\Program Files\MiKTeX\tex/latex/lipsum\lipsum.sty
(C:\Program Files\MiKTeX\tex/latex/l3packages/l3keys2e\l3keys2e.sty
(C:\Program Files\MiKTeX\tex/latex/l3kernel\expl3.sty
(C:\Program Files\MiKTeX\tex/latex/l3backend\l3backend-pdftex.def)))
(C:\Program Files\MiKTeX\tex/latex/lipsum\lipsum.ltd.tex))
(C:\Program Files\MiKTeX\tex/latex/tools\indentfirst.sty)
(C:\Program Files\MiKTeX\tex/latex/parskip\parskip.sty)
(C:\Program Files\MiKTeX\tex/latex/titlesec\titlesec.sty)
(C:\Program Files\MiKTeX\tex/latex/microtype\microtype.sty
(C:\Program Files\MiKTeX\tex/latex/microtype\microtype-pdftex.def)
(C:\Program Files\MiKTeX\tex/latex/microtype\microtype.cfg))
(C:\Program Files\MiKTeX\tex/latex/newtx\newtx.sty
`newtx'v1.755, 2025/01/06 Integrated loading of newtxmath and a text font  for 
all latex engines (msharpe) (C:\Program Files\MiKTeX\tex/latex/base\fontenc.sty
) (C:\Program Files\MiKTeX\tex/latex/fontaxes\fontaxes.sty
(C:\Program Files\MiKTeX\tex/latex/figureversions\figureversions.sty))
(C:\Program Files\MiKTeX\tex/latex/base\ifthen.sty)
(C:\Program Files\MiKTeX\tex/latex/carlisle\scalefnt.sty)
(C:\Program Files\MiKTeX\tex/latex/xstring\xstring.sty
(C:\Program Files\MiKTeX\tex/generic/xstring\xstring.tex))
(C:\Program Files\MiKTeX\tex/latex/xkeyval\xkeyval.sty
(C:\Program Files\MiKTeX\tex/generic/xkeyval\xkeyval.tex
(C:\Program Files\MiKTeX\tex/generic/xkeyval\xkvutils.tex)))
IV
(C:\Program Files\MiKTeX\tex/latex/newtx\newtxmath.sty
`newtxmath' v1.754, 2024/09/22 Math macros based originally on txfonts (msharpe
) (C:\Program Files\MiKTeX\tex/latex/oberdiek\centernot.sty)
(C:\Program Files\MiKTeX\tex/generic/binhex\binhex.tex)
amsthm NOT loaded
) (C:\Program Files\MiKTeX\tex/latex/newtx\newtxtext.sty
`newtxtext' v1.744, 2024/04/01 Text macros taking advantage of TeXGyre Termes a
nd its extensions (msharpe)
(C:\Program Files\MiKTeX\tex/latex/xpatch\xpatch.sty
(C:\Program Files\MiKTeX\tex/latex/l3packages/xparse\xparse.sty))
(C:\Program Files\MiKTeX\tex/latex/xcolor\xcolor.sty
(C:\Program Files\MiKTeX\tex/latex/graphics-cfg\color.cfg)
(C:\Program Files\MiKTeX\tex/latex/graphics\mathcolor.ltx))
(C:\Program Files\MiKTeX\tex/latex/base\textcomp.sty)
(C:\Program Files\MiKTeX\tex/generic/binhex\binhex.tex)))
(C:\Program Files\MiKTeX\tex/generic/babel\babel.sty
(C:\Program Files\MiKTeX\tex/generic/babel\txtbabel.def)
*************************************
* Local config file bblopts.cfg used
*
(C:\Program Files\MiKTeX\tex/latex/arabi\bblopts.cfg)
(C:\Program Files\MiKTeX\tex/latex/babel-indonesian\bahasa.ldf
(C:\Program Files\MiKTeX\tex/latex/babel-indonesian\indonesian.ldf)))
(C:\Program Files\MiKTeX\tex/latex/datetime2\datetime2.sty
(C:\Program Files\MiKTeX\tex/latex/tracklang\tracklang.sty
(C:\Program Files\MiKTeX\tex/generic/tracklang\tracklang.tex))
(C:\Program Files\MiKTeX\tex/latex/datetime2-bahasai\datetime2-bahasai.ldf))
(C:\Program Files\MiKTeX\tex/latex/biblatex\biblatex.sty
(C:\Program Files\MiKTeX\tex/latex/logreq\logreq.sty
(C:\Program Files\MiKTeX\tex/latex/logreq\logreq.def))
(C:\Program Files\MiKTeX\tex/latex/biblatex\blx-dm.def)
(C:\Program Files\MiKTeX\tex/latex/biblatex\blx-compat.def)
(C:\Program Files\MiKTeX\tex/latex/biblatex\blx-bibtex.def

Package biblatex Warning: Using fall-back bibtex backend:
(biblatex)                functionality may be reduced/unavailable.

) (C:\Program Files\MiKTeX\tex/latex/biblatex\biblatex.def)
(C:\Program Files\MiKTeX\tex/latex/biblatex/bbx\numeric.bbx
(C:\Program Files\MiKTeX\tex/latex/biblatex/bbx\standard.bbx))
(C:\Program Files\MiKTeX\tex/latex/biblatex-ieee\ieee.cbx
(C:\Program Files\MiKTeX\tex/latex/biblatex/cbx\numeric-verb.cbx))
(C:\Program Files\MiKTeX\tex/latex/biblatex\biblatex.cfg)
(C:\Program Files\MiKTeX\tex/latex/biblatex\blx-case-expl3.sty))
(C:\Program Files\MiKTeX\tex/latex/ragged2e\ragged2e.sty)
(C:\Program Files\MiKTeX\tex/latex/ltablex\ltablex.sty
(C:\Program Files\MiKTeX\tex/latex/tools\tabularx.sty))
(C:\Program Files\MiKTeX\tex/latex/multirow\multirow.sty)
(C:\Program Files\MiKTeX\tex/latex/pgf/frontendlayer\tikz.sty
(C:\Program Files\MiKTeX\tex/latex/pgf/basiclayer\pgf.sty
(C:\Program Files\MiKTeX\tex/latex/pgf/utilities\pgfrcs.sty
(C:\Program Files\MiKTeX\tex/generic/pgf/utilities\pgfutil-common.tex)
(C:\Program Files\MiKTeX\tex/generic/pgf/utilities\pgfutil-latex.def)
(C:\Program Files\MiKTeX\tex/generic/pgf/utilities\pgfrcs.code.tex
(C:\Program Files\MiKTeX\tex/generic/pgf\pgf.revision.tex)))
(C:\Program Files\MiKTeX\tex/latex/pgf/basiclayer\pgfcore.sty
(C:\Program Files\MiKTeX\tex/latex/pgf/systemlayer\pgfsys.sty
(C:\Program Files\MiKTeX\tex/generic/pgf/systemlayer\pgfsys.code.tex
(C:\Program Files\MiKTeX\tex/generic/pgf/utilities\pgfkeys.code.tex
(C:\Program Files\MiKTeX\tex/generic/pgf/utilities\pgfkeyslibraryfiltered.code.
tex)) (C:\Program Files\MiKTeX\tex/generic/pgf/systemlayer\pgf.cfg)
(C:\Program Files\MiKTeX\tex/generic/pgf/systemlayer\pgfsys-pdftex.def
(C:\Program Files\MiKTeX\tex/generic/pgf/systemlayer\pgfsys-common-pdf.def)))
(C:\Program Files\MiKTeX\tex/generic/pgf/systemlayer\pgfsyssoftpath.code.tex)
(C:\Program Files\MiKTeX\tex/generic/pgf/systemlayer\pgfsysprotocol.code.tex))
(C:\Program Files\MiKTeX\tex/generic/pgf/basiclayer\pgfcore.code.tex
(C:\Program Files\MiKTeX\tex/generic/pgf/math\pgfmath.code.tex
(C:\Program Files\MiKTeX\tex/generic/pgf/math\pgfmathutil.code.tex)
(C:\Program Files\MiKTeX\tex/generic/pgf/math\pgfmathparser.code.tex)
(C:\Program Files\MiKTeX\tex/generic/pgf/math\pgfmathfunctions.code.tex)
(C:\Program Files\MiKTeX\tex/generic/pgf/math\pgfmathfunctions.basic.code.tex)
(C:\Program Files\MiKTeX\tex/generic/pgf/math\pgfmathfunctions.trigonometric.co
de.tex)
(C:\Program Files\MiKTeX\tex/generic/pgf/math\pgfmathfunctions.random.code.tex)

(C:\Program Files\MiKTeX\tex/generic/pgf/math\pgfmathfunctions.comparison.code.
tex)
(C:\Program Files\MiKTeX\tex/generic/pgf/math\pgfmathfunctions.base.code.tex)
(C:\Program Files\MiKTeX\tex/generic/pgf/math\pgfmathfunctions.round.code.tex)
(C:\Program Files\MiKTeX\tex/generic/pgf/math\pgfmathfunctions.misc.code.tex)
(C:\Program Files\MiKTeX\tex/generic/pgf/math\pgfmathfunctions.integerarithmeti
cs.code.tex) (C:\Program Files\MiKTeX\tex/generic/pgf/math\pgfmathcalc.code.tex
) (C:\Program Files\MiKTeX\tex/generic/pgf/math\pgfmathfloat.code.tex))
(C:\Program Files\MiKTeX\tex/generic/pgf/math\pgfint.code.tex)
(C:\Program Files\MiKTeX\tex/generic/pgf/basiclayer\pgfcorepoints.code.tex)
(C:\Program Files\MiKTeX\tex/generic/pgf/basiclayer\pgfcorepathconstruct.code.t
ex)
(C:\Program Files\MiKTeX\tex/generic/pgf/basiclayer\pgfcorepathusage.code.tex)
(C:\Program Files\MiKTeX\tex/generic/pgf/basiclayer\pgfcorescopes.code.tex)
(C:\Program Files\MiKTeX\tex/generic/pgf/basiclayer\pgfcoregraphicstate.code.te
x)
(C:\Program Files\MiKTeX\tex/generic/pgf/basiclayer\pgfcoretransformations.code
.tex) (C:\Program Files\MiKTeX\tex/generic/pgf/basiclayer\pgfcorequick.code.tex
) (C:\Program Files\MiKTeX\tex/generic/pgf/basiclayer\pgfcoreobjects.code.tex)
(C:\Program Files\MiKTeX\tex/generic/pgf/basiclayer\pgfcorepathprocessing.code.
tex) (C:\Program Files\MiKTeX\tex/generic/pgf/basiclayer\pgfcorearrows.code.tex
) (C:\Program Files\MiKTeX\tex/generic/pgf/basiclayer\pgfcoreshade.code.tex)
(C:\Program Files\MiKTeX\tex/generic/pgf/basiclayer\pgfcoreimage.code.tex)
(C:\Program Files\MiKTeX\tex/generic/pgf/basiclayer\pgfcoreexternal.code.tex)
(C:\Program Files\MiKTeX\tex/generic/pgf/basiclayer\pgfcorelayers.code.tex)
(C:\Program Files\MiKTeX\tex/generic/pgf/basiclayer\pgfcoretransparency.code.te
x) (C:\Program Files\MiKTeX\tex/generic/pgf/basiclayer\pgfcorepatterns.code.tex
) (C:\Program Files\MiKTeX\tex/generic/pgf/basiclayer\pgfcorerdf.code.tex)))
(C:\Program Files\MiKTeX\tex/generic/pgf/modules\pgfmoduleshapes.code.tex)
(C:\Program Files\MiKTeX\tex/generic/pgf/modules\pgfmoduleplot.code.tex)
(C:\Program Files\MiKTeX\tex/latex/pgf/compatibility\pgfcomp-version-0-65.sty)
(C:\Program Files\MiKTeX\tex/latex/pgf/compatibility\pgfcomp-version-1-18.sty))
 (C:\Program Files\MiKTeX\tex/latex/pgf/utilities\pgffor.sty
(C:\Program Files\MiKTeX\tex/latex/pgf/utilities\pgfkeys.sty
(C:\Program Files\MiKTeX\tex/generic/pgf/utilities\pgfkeys.code.tex))
(C:\Program Files\MiKTeX\tex/latex/pgf/math\pgfmath.sty
(C:\Program Files\MiKTeX\tex/generic/pgf/math\pgfmath.code.tex))
(C:\Program Files\MiKTeX\tex/generic/pgf/utilities\pgffor.code.tex))
(C:\Program Files\MiKTeX\tex/generic/pgf/frontendlayer/tikz\tikz.code.tex
(C:\Program Files\MiKTeX\tex/generic/pgf/libraries\pgflibraryplothandlers.code.
tex) (C:\Program Files\MiKTeX\tex/generic/pgf/modules\pgfmodulematrix.code.tex)

(C:\Program Files\MiKTeX\tex/generic/pgf/frontendlayer/tikz/libraries\tikzlibra
rytopaths.code.tex))) (C:\Program Files\MiKTeX\tex/latex/setspace\setspace.sty)
 (C:\Program Files\MiKTeX\tex/latex/fancyhdr\fancyhdr.sty)
(C:\Program Files\MiKTeX\tex/latex/comment\comment.sty
Excluding comment 'comment')
(C:\Program Files\MiKTeX\tex/latex/listings\listings.sty
(C:\Program Files\MiKTeX\tex/latex/listings\lstpatch.sty)
(C:\Program Files\MiKTeX\tex/latex/listings\lstmisc.sty)
(C:\Program Files\MiKTeX\tex/latex/listings\listings.cfg))
(C:\Program Files\MiKTeX\tex/latex/tocloft\tocloft.sty

Package tocloft Warning: \@starttoc has already been redefined; tocloft bailing
 out. on input line 1156.

) (C:\Program Files\MiKTeX\tex/latex/listings\lstlang1.sty)
(C:\Program Files\MiKTeX\tex/latex/cleveref\cleveref.sty)
==> First Aid for cleveref.sty applied!
) (C:\Program Files\MiKTeX\tex/latex/newtx\ot1ntxtlf.fd)

Package biblatex Warning: 'babel/polyglossia' detected but 'csquotes' missing.
(biblatex)                Loading 'csquotes' recommended.


LaTeX Warning: Unused global option(s):
    [article].

No file thesis.aux.
(C:\Program Files\MiKTeX\tex/latex/newtx\omlntxmi.fd)
(C:\Program Files\MiKTeX\tex/latex/newtx\untxexa.fd)
(C:\Program Files\MiKTeX\tex/latex/newtx\lmsntxsy.fd)
(C:\Program Files\MiKTeX\tex/latex/newtx\lmxntxexx.fd)
*geometry* driver: auto-detecting
*geometry* detected driver: pdftex
(C:\Program Files\MiKTeX\tex/latex/caption\ltcaption.sty)
(C:\Program Files\MiKTeX\tex/context/base/mkii\supp-pdf.mkii
[Loading MPS to PDF converter (version 2006.09.02).]
) (C:\Program Files\MiKTeX\tex/latex/epstopdf-pkg\epstopdf-base.sty
(C:\Program Files\MiKTeX\tex/latex/00miktex\epstopdf-sys.cfg))

Package microtype Warning: Unable to apply patch `footnote' on input line 36.

(C:\Program Files\MiKTeX\tex/latex/microtype\mt-ptm.cfg)
(C:\Program Files\MiKTeX\tex/latex/biblatex/lbx\english.lbx) (thesis.bbl)
(chapters/cover-hard.tex
[1{C:/Users/Administrator/AppData/Local/MiKTeX/fonts/map/pdftex/pdftex.map}{C:/
Program Files/MiKTeX/fonts/enc/dvips/newtx/ntx-ot1-tlf.enc} <./figure/Logo_ITER
A.png>]) (chapters/approval.tex
(C:\Program Files\MiKTeX\tex/latex/newtx\ot1minntx.fd)
(C:\Program Files\MiKTeX\tex/latex/newtx\untxmia.fd)
(C:\Program Files\MiKTeX\tex/latex/newtx\untxsym.fd)
(C:\Program Files\MiKTeX\tex/latex/newtx\untxsyc.fd)
Overfull \vbox (23.05829pt too high) detected at line 28

Overfull \hbox (36.15744pt too wide) in paragraph at lines 28--29
[]|[]| 

Overfull \hbox (14.22635pt too wide) in paragraph at lines 45--58
[][] 

[2]) (chapters/statement.tex
[3]) (chapters/publication.tex
Underfull \hbox (badness 10000) in paragraph at lines 36--37


[4]) (chapters/forewords.tex
[5] Excluding 'comment' comment.) (chapters/summary.tex
[6]) (chapters/abstract-id.tex
[7]) (chapters/abstract-en.tex
[8])
No file thesis.toc.

[9]
No file thesis.lot.

[10]
No file thesis.lof.

[11]
No file thesis.equ.

[12]
No file thesis.lol.

[13] (chapters/chapter-1.tex
BAB I.

[1]
[2]
[3]
Underfull \hbox (badness 1014) in paragraph at lines 35--36
[]\OT1/ntxtlf/m/n/10 (+20) Bagaimana ha-sil im-ple-men-ta-si dan pe-ngu-ji-an s
is-tem ASR yang

[4]
Underfull \hbox (badness 2941) in paragraph at lines 44--45
\OT1/ntxtlf/b/n/10 (+20) Re-cog-ni-tion (ASR) \OT1/ntxtlf/m/n/10 (+20) ber-ba-s
is ha-sil \OT1/ntxtlf/m/it/10 (+20) fine-tuning \OT1/ntxtlf/m/n/10 (+20) mo-del
 Whis-per

[5]
[6]
[7]
[8]) (chapters/chapter-2.tex
[9]
[10]
BAB II.

Underfull \hbox (badness 10000) in paragraph at lines 14--15
[]\OT1/ntxtlf/b/n/10 (+20) Metode: \OT1/ntxtlf/m/n/10 (+20) Pra-latih \OT1/ntxt
lf/m/it/10 (+20) Whis-per \OT1/ntxtlf/m/n/10 (+20) pa-da $\LMS/ntxsy/m/n/10 ^^X
$\OT1/ntxtlf/m/n/10 (+20) 680,000 jam da-ta

[11]
[12]
Underfull \hbox (badness 1024) in paragraph at lines 68--69
[]\OT1/ntxtlf/b/n/10 (+20) Perbandingan: \OT1/ntxtlf/m/n/10 (+20) Men-ja-di pem
-ban-ding non-Whisper; men-du-kung

[13]
Overfull \hbox (312.98035pt too wide) detected at line 139
[]
[14]
[15]
Underfull \hbox (badness 3343) in paragraph at lines 157--158
[]\OT1/ntxtlf/m/n/10 (+20) Dua pen-de-kat-an do-min-an se-jak 2020-an ada-lah: 
(1) mo-del

Underfull \hbox (badness 1895) in paragraph at lines 160--161
[]\OT1/ntxtlf/m/n/10 (+20) Sebagian be-sar sis-tem ASR mo-dern, ter-ma-suk Whis
-per, ti-dak

[16] (C:\Program Files\MiKTeX\tex/latex/newtx\ts1ntxtlf.fd)
[17]
Underfull \hbox (badness 10000) in paragraph at lines 203--204
[]\OT1/ntxtlf/b/n/10 (+20) Whisper \OT1/ntxtlf/m/n/10 (+20) [[][]1[][]] ada-lah
 mo-del en-co-der{decoder Tran-sfor-mer

[18] (C:\Program Files\MiKTeX\tex/latex/newtx\ot1ntxtt.fd)
[19]
Underfull \hbox (badness 2368) in paragraph at lines 257--258
[]\OT1/ntxtlf/b/n/10 (+20) LoRA \OT1/ntxtlf/m/n/10 (+20) (\OT1/ntxtlf/m/it/10 (
+20) Low-Rank Adap-ta-tion\OT1/ntxtlf/m/n/10 (+20) ) [[][]14[][]] ada-lah tek-n
ik PEFT yang

[20]

LaTeX Warning: Reference `eq:2.whisper-loss' on page 21 undefined on input line
 287.


[21]
[22]
[23]
[24]

LaTeX Warning: Reference `eq:2.wer' on page 25 undefined on input line 377.


LaTeX Warning: Reference `eq:2.lora' on page 25 undefined on input line 393.


[25]

LaTeX Warning: Reference `eq:2.alignment-loss' on page 26 undefined on input li
ne 395.


LaTeX Warning: Reference `eq:2.shallow-fusion' on page 26 undefined on input li
ne 397.


LaTeX Warning: Reference `eq:2.wer' on page 26 undefined on input line 399.

) (chapters/chapter-3.tex
[26]
BAB III.

LaTeX Warning: Reference `fig:3.alur' on page 27 undefined on input line 5.


LaTeX Warning: Reference `III.Alur' on page 27 undefined on input line 15.


[27 <./figure/flowchart.jpg>]

LaTeX Warning: Reference `II.Teori' on page 28 undefined on input line 45.


Underfull \hbox (badness 2050) in paragraph at lines 45--45
[]\OT1/ntxtlf/m/n/10 (+20) Membahas meng-e-nai me-to-de yang di-gu-nak-an da-la
m pe-ne-li-ti-an,

[28]

LaTeX Warning: Reference `Bab IV' on page 29 undefined on input line 52.


LaTeX Warning: Reference `II.Teori' on page 29 undefined on input line 55.


Underfull \hbox (badness 1400) in paragraph at lines 55--55
[]\OT1/ntxtlf/m/n/10 (+20) Penjelasan con-toh per-hi-tung-an ba-gi pe-ne-li-ti-
an tu-gas akhir yang
) (chapters/chapter-4.tex
[29]
BAB IV.

LaTeX Warning: Reference `Bab III' on page 30 undefined on input line 5.


LaTeX Warning: Reference `III.Metode' on page 30 undefined on input line 5.


LaTeX Warning: Reference `code:4.contoh' on page 30 undefined on input line 7.


Underfull \hbox (badness 10000) in paragraph at lines 7--7
[]\OT1/ntxtlf/m/n/10 (+20) Contoh im-ple-men-ta-si ko-de da-pat di-tu-lis meng-
gu-nak-an

LaTeX Warning: Reference `III.Rancang_Uji' on page 30 undefined on input line 3
0.


Overfull \hbox (312.98035pt too wide) detected at line 33
[]

Underfull \hbox (badness 10000) in alignment at lines 32--39
[] [] [] [] [] [] [] [] []

Underfull \hbox (badness 10000) in alignment at lines 39--44
[] [] [] [] [] [] [] [] []

Underfull \hbox (badness 10000) in alignment at lines 44--46
[] [] [] [] [] [] [] [] []

Underfull \hbox (badness 10000) in alignment at lines 46--48
[] [] [] [] [] [] [] [] []

Underfull \hbox (badness 10000) in alignment at lines 48--58
[] [] [] [] [] [] [] [] []

[30]

Package longtable Warning: Column widths have changed
(longtable)                in table 4.1 on input line 58.


[31 <./figure/zeta.png>]) (chapters/chapter-5.tex
[32]
BAB V.

LaTeX Warning: Reference `I.Rumusan Masalah' on page 33 undefined on input line
 5.


LaTeX Warning: Reference `I.Tujuan' on page 33 undefined on input line 5.


LaTeX Warning: Reference `IV.Analisis' on page 33 undefined on input line 8.

)
[33]
Underfull \hbox (badness 5711) in paragraph at lines 163--163
[]\OT1/ntxtlf/m/n/10 (+20) Vincenzo Tim-mel et al. ``Fine-tuning Whis-per on Lo
w-

[34]
Underfull \hbox (badness 2126) in paragraph at lines 163--163
\OT1/ntxtlf/m/n/10 (+20) Convolution-augmented Tran-sfor-mer for Spe-e-ch Re-co
g-ni-tion''.

[35] (chapters/appendix.tex)

Package caption Warning: Unused \captionsetup[equation] on input line 108.
See the caption package documentation for explanation.


[36]

Package longtable Warning: Table widths have changed. Rerun LaTeX.

miktex-makepk: security risk: running with elevated privileges
(thesis.aux)Trying to make PK font ts1-qtmr at 600 DPI...
miktex-makemf: security risk: running with elevated privileges
The METFAONT mode is: ljfour

Running miktex-makemf.exe...


Sorry, but miktex-makemf did not succeed.



The log file hopefully contains the information to get MiKTeX going again:



  C:\Users\Administrator\AppData\Local\MiKTeX\miktex\log\miktex-makemf.log

Running miktex-ttf2pk.exe...
miktex-ttf2pk: security risk: running with elevated privileges


Sorry, but miktex-makepk did not succeed.

The log file hopefully contains the information to get MiKTeX going again:

  C:\Users\Administrator\AppData\Local\MiKTeX\miktex\log\miktex-makepk.log


LaTeX Warning: There were undefined references.


LaTeX Warning: Label(s) may have changed. Rerun to get cross-references right.


Package rerunfilecheck Warning: File `thesis.out' has changed.
(rerunfilecheck)                Rerun to get outlines right
(rerunfilecheck)                or use package `bookmark'.


Package biblatex Warning: Please (re)run BibTeX on the file(s):
(biblatex)                thesis
(biblatex)                and rerun LaTeX afterwards.

 )
(see the transcript file for additional information)
!pdfTeX error: pdflatex.exe (file ts1-qtmr): Font ts1-qtmr at 600 not found
 ==> Fatal error occurred, no output PDF file produced!
